                                     | Core 0    
  Instructions                       |   14905780
  Cycles                             |  107896600
  IPC                                |       0.14
  Time (ns)                          |   53948300
  Idle time (ns)                     |        804
  Idle time (%)                      |       0.0%
Branch predictor stats               |           
  num correct                        |    1796692
  num incorrect                      |      78187
  misprediction rate                 |      4.17%
  mpki                               |       5.25
TLB Summary                          |           
  I-TLB                              |           
    num accesses                     |    4783160
    num misses                       |         66
    miss rate                        |      0.00%
    mpki                             |       0.00
  D-TLB                              |           
    num accesses                     |    7162916
    num misses                       |      28415
    miss rate                        |      0.40%
    mpki                             |       1.91
  L2 TLB                             |           
    num accesses                     |      28481
    num misses                       |       3636
    miss rate                        |     12.77%
    mpki                             |       0.24
Cache Summary                        |           
  Cache L1-I                         |           
    num cache accesses               |    4783160
    num cache misses                 |    1566878
    miss rate                        |     32.76%
    mpki                             |     105.12
  Cache L1-D                         |           
    num cache accesses               |    7162916
    num cache misses                 |    1438693
    miss rate                        |     20.09%
    mpki                             |      96.52
  Cache L2                           |           
    num cache accesses               |    3058098
    num cache misses                 |     344769
    miss rate                        |     11.27%
    mpki                             |      23.13
DRAM summary                         |           
  num dram accesses                  |     492893
  average dram access latency (ns)   |     202.93
  average dram queueing delay        |       0.82
  average dram bandwidth utilization |      1.00%
Coherency Traffic                    |           
  num loads from dram                |     304302
  num loads from dram cache          |          0
  num loads from remote cache        |          0
