                                     | Core 0    
  Instructions                       |   15225394
  Cycles                             |  736706400
  IPC                                |       0.02
  Time (ns)                          |  368353200
  Idle time (ns)                     |        707
  Idle time (%)                      |       0.0%
Branch predictor stats               |           
  num correct                        |    1855976
  num incorrect                      |      84154
  misprediction rate                 |      4.34%
  mpki                               |       5.53
TLB Summary                          |           
  I-TLB                              |           
    num accesses                     |    4868409
    num misses                       |         66
    miss rate                        |      0.00%
    mpki                             |       0.00
  D-TLB                              |           
    num accesses                     |    7162888
    num misses                       |      28208
    miss rate                        |      0.39%
    mpki                             |       1.85
  L2 TLB                             |           
    num accesses                     |      28274
    num misses                       |       3667
    miss rate                        |     12.97%
    mpki                             |       0.24
Cache Summary                        |           
  Cache L1-I                         |           
    num cache accesses               |    4868409
    num cache misses                 |    1737800
    miss rate                        |     35.70%
    mpki                             |     114.14
  Cache L1-D                         |           
    num cache accesses               |    7162888
    num cache misses                 |    1555557
    miss rate                        |     21.72%
    mpki                             |     102.17
  Cache L2                           |           
    num cache accesses               |    3453709
    num cache misses                 |    1751743
    miss rate                        |     50.72%
    mpki                             |     115.05
DRAM summary                         |           
  num dram accesses                  |    2191305
  average dram access latency (ns)   |     202.18
  average dram queueing delay        |       0.07
  average dram bandwidth utilization |      1.00%
Coherency Traffic                    |           
  num loads from dram                |     765669
  num loads from dram cache          |          0
  num loads from remote cache        |          0
