                                     | Core 0    
  Instructions                       |   22383502
  Cycles                             |  316160600
  IPC                                |       0.07
  Time (ns)                          |  158080300
  Idle time (ns)                     |       2454
  Idle time (%)                      |       0.0%
Branch predictor stats               |           
  num correct                        |    2653374
  num incorrect                      |      81544
  misprediction rate                 |      2.98%
  mpki                               |       3.64
TLB Summary                          |           
  I-TLB                              |           
    num accesses                     |    7202177
    num misses                       |         67
    miss rate                        |      0.00%
    mpki                             |       0.00
  D-TLB                              |           
    num accesses                     |   10540048
    num misses                       |        158
    miss rate                        |      0.00%
    mpki                             |       0.01
  L2 TLB                             |           
    num accesses                     |        225
    num misses                       |        158
    miss rate                        |     70.22%
    mpki                             |       0.01
Cache Summary                        |           
  Cache L1-I                         |           
    num cache accesses               |    7202177
    num cache misses                 |     889169
    miss rate                        |     12.35%
    mpki                             |      39.72
  Cache L1-D                         |           
    num cache accesses               |   10540048
    num cache misses                 |    1756969
    miss rate                        |     16.67%
    mpki                             |      78.49
  Cache L2                           |           
    num cache accesses               |    2744225
    num cache misses                 |    1681814
    miss rate                        |     61.29%
    mpki                             |      75.14
DRAM summary                         |           
  num dram accesses                  |    1936169
  average dram access latency (ns)   |     202.98
  average dram queueing delay        |       0.87
  average dram bandwidth utilization |      2.00%
Coherency Traffic                    |           
  num loads from dram                |     985800
  num loads from dram cache          |          0
  num loads from remote cache        |          0
