                                     | Core 0    
  Instructions                       |    6552362
  Cycles                             |   92239600
  IPC                                |       0.07
  Time (ns)                          |   46119800
  Idle time (ns)                     |         35
  Idle time (%)                      |       0.0%
Branch predictor stats               |           
  num correct                        |     811026
  num incorrect                      |       2854
  misprediction rate                 |      0.35%
  mpki                               |       0.44
TLB Summary                          |           
  I-TLB                              |           
    num accesses                     |    2478310
    num misses                       |         62
    miss rate                        |      0.00%
    mpki                             |       0.01
  D-TLB                              |           
    num accesses                     |    1340405
    num misses                       |         29
    miss rate                        |      0.00%
    mpki                             |       0.00
  L2 TLB                             |           
    num accesses                     |         91
    num misses                       |         91
    miss rate                        |    100.00%
    mpki                             |       0.01
Cache Summary                        |           
  Cache L1-I                         |           
    num cache accesses               |    2478310
    num cache misses                 |    1193192
    miss rate                        |     48.15%
    mpki                             |     182.10
  Cache L1-D                         |           
    num cache accesses               |    1340405
    num cache misses                 |     236225
    miss rate                        |     17.62%
    mpki                             |      36.05
  Cache L2                           |           
    num cache accesses               |    1466037
    num cache misses                 |     247907
    miss rate                        |     16.91%
    mpki                             |      37.83
DRAM summary                         |           
  num dram accesses                  |     308540
  average dram access latency (ns)   |     202.52
  average dram queueing delay        |       0.41
  average dram bandwidth utilization |      1.00%
Coherency Traffic                    |           
  num loads from dram                |      73467
  num loads from dram cache          |          0
  num loads from remote cache        |          0
