                                     | Core 0    
  Instructions                       |   22362033
  Cycles                             |  744428400
  IPC                                |       0.03
  Time (ns)                          |  372214200
  Idle time (ns)                     |       1358
  Idle time (%)                      |       0.0%
Branch predictor stats               |           
  num correct                        |    2648508
  num incorrect                      |      81296
  misprediction rate                 |      2.98%
  mpki                               |       3.64
TLB Summary                          |           
  I-TLB                              |           
    num accesses                     |    7196512
    num misses                       |         67
    miss rate                        |      0.00%
    mpki                             |       0.00
  D-TLB                              |           
    num accesses                     |   10527572
    num misses                       |        153
    miss rate                        |      0.00%
    mpki                             |       0.01
  L2 TLB                             |           
    num accesses                     |        220
    num misses                       |        160
    miss rate                        |     72.73%
    mpki                             |       0.01
Cache Summary                        |           
  Cache L1-I                         |           
    num cache accesses               |    7196512
    num cache misses                 |     879316
    miss rate                        |     12.22%
    mpki                             |      39.32
  Cache L1-D                         |           
    num cache accesses               |   10527572
    num cache misses                 |    1743522
    miss rate                        |     16.56%
    mpki                             |      77.97
  Cache L2                           |           
    num cache accesses               |    2746148
    num cache misses                 |    1674996
    miss rate                        |     60.99%
    mpki                             |      74.90
DRAM summary                         |           
  num dram accesses                  |    1939812
  average dram access latency (ns)   |     202.19
  average dram queueing delay        |       0.08
  average dram bandwidth utilization |      1.00%
Coherency Traffic                    |           
  num loads from dram                |    1003298
  num loads from dram cache          |          0
  num loads from remote cache        |          0
