                                     | Core 0    
  Instructions                       |   22383472
  Cycles                             |   36097600
  IPC                                |       0.62
  Time (ns)                          |   18048800
  Idle time (ns)                     |       2434
  Idle time (%)                      |       0.0%
Branch predictor stats               |           
  num correct                        |    2653394
  num incorrect                      |      81519
  misprediction rate                 |      2.98%
  mpki                               |       3.64
TLB Summary                          |           
  I-TLB                              |           
    num accesses                     |    4999891
    num misses                       |         67
    miss rate                        |      0.00%
    mpki                             |       0.00
  D-TLB                              |           
    num accesses                     |   10522469
    num misses                       |        155
    miss rate                        |      0.00%
    mpki                             |       0.01
  L2 TLB                             |           
    num accesses                     |        222
    num misses                       |        158
    miss rate                        |     71.17%
    mpki                             |       0.01
Cache Summary                        |           
  Cache L1-I                         |           
    num cache accesses               |    4999891
    num cache misses                 |     375119
    miss rate                        |      7.50%
    mpki                             |      16.76
  Cache L1-D                         |           
    num cache accesses               |   10522469
    num cache misses                 |    1387751
    miss rate                        |     13.19%
    mpki                             |      62.00
  Cache L2                           |           
    num cache accesses               |    1763268
    num cache misses                 |      71336
    miss rate                        |      4.05%
    mpki                             |       3.19
DRAM summary                         |           
  num dram accesses                  |      84430
  average dram access latency (ns)   |     205.52
  average dram queueing delay        |       1.30
  average dram bandwidth utilization |      1.00%
Coherency Traffic                    |           
  num loads from dram                |      58570
  num loads from dram cache          |          0
  num loads from remote cache        |          0
