                                     | Core 0    
  Instructions                       |    6552324
  Cycles                             |   23250800
  IPC                                |       0.28
  Time (ns)                          |   11625400
  Idle time (ns)                     |        168
  Idle time (%)                      |       0.0%
Branch predictor stats               |           
  num correct                        |     811020
  num incorrect                      |       2855
  misprediction rate                 |      0.35%
  mpki                               |       0.44
TLB Summary                          |           
  I-TLB                              |           
    num accesses                     |    1587049
    num misses                       |         62
    miss rate                        |      0.00%
    mpki                             |       0.01
  D-TLB                              |           
    num accesses                     |    1334711
    num misses                       |         29
    miss rate                        |      0.00%
    mpki                             |       0.00
  L2 TLB                             |           
    num accesses                     |         91
    num misses                       |         91
    miss rate                        |    100.00%
    mpki                             |       0.01
Cache Summary                        |           
  Cache L1-I                         |           
    num cache accesses               |    1587049
    num cache misses                 |     998773
    miss rate                        |     62.93%
    mpki                             |     152.43
  Cache L1-D                         |           
    num cache accesses               |    1334711
    num cache misses                 |      96813
    miss rate                        |      7.25%
    mpki                             |      14.78
  Cache L2                           |           
    num cache accesses               |    1096173
    num cache misses                 |      34004
    miss rate                        |      3.10%
    mpki                             |       5.19
DRAM summary                         |           
  num dram accesses                  |      38234
  average dram access latency (ns)   |     204.98
  average dram queueing delay        |       0.77
  average dram bandwidth utilization |      1.00%
Coherency Traffic                    |           
  num loads from dram                |       8434
  num loads from dram cache          |          0
  num loads from remote cache        |          0
