                                     | Core 0    
  Instructions                       |   14904928
  Cycles                             |  123466000
  IPC                                |       0.12
  Time (ns)                          |   61733000
  Idle time (ns)                     |        828
  Idle time (%)                      |       0.0%
Branch predictor stats               |           
  num correct                        |    1796543
  num incorrect                      |      77910
  misprediction rate                 |      4.16%
  mpki                               |       5.23
TLB Summary                          |           
  I-TLB                              |           
    num accesses                     |    4782308
    num misses                       |         66
    miss rate                        |      0.00%
    mpki                             |       0.00
  D-TLB                              |           
    num accesses                     |    7162916
    num misses                       |      28164
    miss rate                        |      0.39%
    mpki                             |       1.89
  L2 TLB                             |           
    num accesses                     |      28230
    num misses                       |       3571
    miss rate                        |     12.65%
    mpki                             |       0.24
Cache Summary                        |           
  Cache L1-I                         |           
    num cache accesses               |    4782308
    num cache misses                 |    1579491
    miss rate                        |     33.03%
    mpki                             |     105.97
  Cache L1-D                         |           
    num cache accesses               |    7162916
    num cache misses                 |    1254662
    miss rate                        |     17.52%
    mpki                             |      84.18
  Cache L2                           |           
    num cache accesses               |    2888536
    num cache misses                 |     412857
    miss rate                        |     14.29%
    mpki                             |      27.70
DRAM summary                         |           
  num dram accesses                  |     580865
  average dram access latency (ns)   |     202.91
  average dram queueing delay        |       0.80
  average dram bandwidth utilization |      1.00%
Coherency Traffic                    |           
  num loads from dram                |     333051
  num loads from dram cache          |          0
  num loads from remote cache        |          0
