                                     | Core 0    
  Instructions                       |   22383476
  Cycles                             |  516609000
  IPC                                |       0.04
  Time (ns)                          |  258304500
  Idle time (ns)                     |       2264
  Idle time (%)                      |       0.0%
Branch predictor stats               |           
  num correct                        |    2653394
  num incorrect                      |      81519
  misprediction rate                 |      2.98%
  mpki                               |       3.64
TLB Summary                          |           
  I-TLB                              |           
    num accesses                     |    7202167
    num misses                       |         67
    miss rate                        |      0.00%
    mpki                             |       0.00
  D-TLB                              |           
    num accesses                     |   10540020
    num misses                       |        137
    miss rate                        |      0.00%
    mpki                             |       0.01
  L2 TLB                             |           
    num accesses                     |        204
    num misses                       |        157
    miss rate                        |     76.96%
    mpki                             |       0.01
Cache Summary                        |           
  Cache L1-I                         |           
    num cache accesses               |    7202167
    num cache misses                 |     629198
    miss rate                        |      8.74%
    mpki                             |      28.11
  Cache L1-D                         |           
    num cache accesses               |   10540020
    num cache misses                 |    1466058
    miss rate                        |     13.91%
    mpki                             |      65.50
  Cache L2                           |           
    num cache accesses               |    2117622
    num cache misses                 |    1124188
    miss rate                        |     53.09%
    mpki                             |      50.22
DRAM summary                         |           
  num dram accesses                  |    1237697
  average dram access latency (ns)   |     202.20
  average dram queueing delay        |       0.08
  average dram bandwidth utilization |      1.00%
Coherency Traffic                    |           
  num loads from dram                |     782355
  num loads from dram cache          |          0
  num loads from remote cache        |          0
