                                     | Core 0     
  Instructions                       |    44236888
  Cycles                             |  1661023800
  IPC                                |        0.03
  Time (ns)                          |   830511900
  Idle time (ns)                     |         360
  Idle time (%)                      |        0.0%
Branch predictor stats               |            
  num correct                        |     9428330
  num incorrect                      |       55825
  misprediction rate                 |       0.59%
  mpki                               |        1.26
TLB Summary                          |            
  I-TLB                              |            
    num accesses                     |    17382587
    num misses                       |          68
    miss rate                        |       0.00%
    mpki                             |        0.00
  D-TLB                              |            
    num accesses                     |    13539786
    num misses                       |          43
    miss rate                        |       0.00%
    mpki                             |        0.00
  L2 TLB                             |            
    num accesses                     |         111
    num misses                       |         111
    miss rate                        |     100.00%
    mpki                             |        0.00
Cache Summary                        |            
  Cache L1-I                         |            
    num cache accesses               |    17382587
    num cache misses                 |     2713301
    miss rate                        |      15.61%
    mpki                             |       61.34
  Cache L1-D                         |            
    num cache accesses               |    13539786
    num cache misses                 |     4080429
    miss rate                        |      30.14%
    mpki                             |       92.24
  Cache L2                           |            
    num cache accesses               |     7082380
    num cache misses                 |     4017015
    miss rate                        |      56.72%
    mpki                             |       90.81
DRAM summary                         |            
  num dram accesses                  |     4601229
  average dram access latency (ns)   |      202.23
  average dram queueing delay        |        0.12
  average dram bandwidth utilization |       1.00%
Coherency Traffic                    |            
  num loads from dram                |     2261538
  num loads from dram cache          |           0
  num loads from remote cache        |           0
