                                     | Core 0    
  Instructions                       |    6552328
  Cycles                             |   13752400
  IPC                                |       0.48
  Time (ns)                          |    6876200
  Idle time (ns)                     |          2
  Idle time (%)                      |       0.0%
Branch predictor stats               |           
  num correct                        |     811020
  num incorrect                      |       2855
  misprediction rate                 |      0.35%
  mpki                               |       0.44
TLB Summary                          |           
  I-TLB                              |           
    num accesses                     |    2478300
    num misses                       |         62
    miss rate                        |      0.00%
    mpki                             |       0.01
  D-TLB                              |           
    num accesses                     |    1340374
    num misses                       |         29
    miss rate                        |      0.00%
    mpki                             |       0.00
  L2 TLB                             |           
    num accesses                     |         91
    num misses                       |         91
    miss rate                        |    100.00%
    mpki                             |       0.01
Cache Summary                        |           
  Cache L1-I                         |           
    num cache accesses               |    2478300
    num cache misses                 |    1184513
    miss rate                        |     47.80%
    mpki                             |     180.78
  Cache L1-D                         |           
    num cache accesses               |    1340374
    num cache misses                 |      96244
    miss rate                        |      7.18%
    mpki                             |      14.69
  Cache L2                           |           
    num cache accesses               |    1280830
    num cache misses                 |       5315
    miss rate                        |      0.41%
    mpki                             |       0.81
DRAM summary                         |           
  num dram accesses                  |       5962
  average dram access latency (ns)   |     202.76
  average dram queueing delay        |       0.65
  average dram bandwidth utilization |      0.00%
Coherency Traffic                    |           
  num loads from dram                |       1712
  num loads from dram cache          |          0
  num loads from remote cache        |          0
