                                     | Core 0    
  Instructions                       |    6552349
  Cycles                             |    4269600
  IPC                                |       1.53
  Time (ns)                          |    2134800
  Idle time (ns)                     |         85
  Idle time (%)                      |       0.0%
Branch predictor stats               |           
  num correct                        |     811026
  num incorrect                      |       2854
  misprediction rate                 |      0.35%
  mpki                               |       0.44
TLB Summary                          |           
  I-TLB                              |           
    num accesses                     |    1136956
    num misses                       |         62
    miss rate                        |      0.01%
    mpki                             |       0.01
  D-TLB                              |           
    num accesses                     |    1332004
    num misses                       |         29
    miss rate                        |      0.00%
    mpki                             |       0.00
  L2 TLB                             |           
    num accesses                     |         91
    num misses                       |         91
    miss rate                        |    100.00%
    mpki                             |       0.01
Cache Summary                        |           
  Cache L1-I                         |           
    num cache accesses               |    1136956
    num cache misses                 |      34356
    miss rate                        |      3.02%
    mpki                             |       5.24
  Cache L1-D                         |           
    num cache accesses               |    1332004
    num cache misses                 |      39714
    miss rate                        |      2.98%
    mpki                             |       6.06
  Cache L2                           |           
    num cache accesses               |      74130
    num cache misses                 |       1988
    miss rate                        |      2.68%
    mpki                             |       0.30
DRAM summary                         |           
  num dram accesses                  |       2278
  average dram access latency (ns)   |     211.42
  average dram queueing delay        |       2.99
  average dram bandwidth utilization |      0.00%
Coherency Traffic                    |           
  num loads from dram                |        713
  num loads from dram cache          |          0
  num loads from remote cache        |          0
