                                     | Core 0    
  Instructions                       |    6552364
  Cycles                             |   91140800
  IPC                                |       0.07
  Time (ns)                          |   45570400
  Idle time (ns)                     |         30
  Idle time (%)                      |       0.0%
Branch predictor stats               |           
  num correct                        |     811026
  num incorrect                      |       2854
  misprediction rate                 |      0.35%
  mpki                               |       0.44
TLB Summary                          |           
  I-TLB                              |           
    num accesses                     |    2478310
    num misses                       |         62
    miss rate                        |      0.00%
    mpki                             |       0.01
  D-TLB                              |           
    num accesses                     |    1340405
    num misses                       |         30
    miss rate                        |      0.00%
    mpki                             |       0.00
  L2 TLB                             |           
    num accesses                     |         92
    num misses                       |         92
    miss rate                        |    100.00%
    mpki                             |       0.01
Cache Summary                        |           
  Cache L1-I                         |           
    num cache accesses               |    2478310
    num cache misses                 |    1190720
    miss rate                        |     48.05%
    mpki                             |     181.72
  Cache L1-D                         |           
    num cache accesses               |    1340405
    num cache misses                 |     129469
    miss rate                        |      9.66%
    mpki                             |      19.76
  Cache L2                           |           
    num cache accesses               |    1356200
    num cache misses                 |     241783
    miss rate                        |     17.83%
    mpki                             |      36.90
DRAM summary                         |           
  num dram accesses                  |     300874
  average dram access latency (ns)   |     202.55
  average dram queueing delay        |       0.44
  average dram bandwidth utilization |      1.00%
Coherency Traffic                    |           
  num loads from dram                |      72745
  num loads from dram cache          |          0
  num loads from remote cache        |          0
