                                     | Core 0    
  Instructions                       |    6552369
  Cycles                             |   12483200
  IPC                                |       0.52
  Time (ns)                          |    6241600
  Idle time (ns)                     |         59
  Idle time (%)                      |       0.0%
Branch predictor stats               |           
  num correct                        |     811021
  num incorrect                      |       2859
  misprediction rate                 |      0.35%
  mpki                               |       0.44
TLB Summary                          |           
  I-TLB                              |           
    num accesses                     |    1587058
    num misses                       |         62
    miss rate                        |      0.00%
    mpki                             |       0.01
  D-TLB                              |           
    num accesses                     |    1334862
    num misses                       |         30
    miss rate                        |      0.00%
    mpki                             |       0.00
  L2 TLB                             |           
    num accesses                     |         92
    num misses                       |         92
    miss rate                        |    100.00%
    mpki                             |       0.01
Cache Summary                        |           
  Cache L1-I                         |           
    num cache accesses               |    1587058
    num cache misses                 |     998781
    miss rate                        |     62.93%
    mpki                             |     152.43
  Cache L1-D                         |           
    num cache accesses               |    1334862
    num cache misses                 |      73953
    miss rate                        |      5.54%
    mpki                             |      11.29
  Cache L2                           |           
    num cache accesses               |    1072796
    num cache misses                 |       3084
    miss rate                        |      0.29%
    mpki                             |       0.47
DRAM summary                         |           
  num dram accesses                  |       3467
  average dram access latency (ns)   |     205.50
  average dram queueing delay        |       1.28
  average dram bandwidth utilization |      0.00%
Coherency Traffic                    |           
  num loads from dram                |       1023
  num loads from dram cache          |          0
  num loads from remote cache        |          0
