                                     | Core 0    
  Instructions                       |   22383501
  Cycles                             |  557687200
  IPC                                |       0.04
  Time (ns)                          |  278843600
  Idle time (ns)                     |       2390
  Idle time (%)                      |       0.0%
Branch predictor stats               |           
  num correct                        |    2653374
  num incorrect                      |      81544
  misprediction rate                 |      2.98%
  mpki                               |       3.64
TLB Summary                          |           
  I-TLB                              |           
    num accesses                     |    7202177
    num misses                       |         67
    miss rate                        |      0.00%
    mpki                             |       0.00
  D-TLB                              |           
    num accesses                     |   10540044
    num misses                       |        134
    miss rate                        |      0.00%
    mpki                             |       0.01
  L2 TLB                             |           
    num accesses                     |        201
    num misses                       |        158
    miss rate                        |     78.61%
    mpki                             |       0.01
Cache Summary                        |           
  Cache L1-I                         |           
    num cache accesses               |    7202177
    num cache misses                 |     653636
    miss rate                        |      9.08%
    mpki                             |      29.20
  Cache L1-D                         |           
    num cache accesses               |   10540044
    num cache misses                 |    1411526
    miss rate                        |     13.39%
    mpki                             |      63.06
  Cache L2                           |           
    num cache accesses               |    2121368
    num cache misses                 |    1242184
    miss rate                        |     58.56%
    mpki                             |      55.50
DRAM summary                         |           
  num dram accesses                  |    1408850
  average dram access latency (ns)   |     202.21
  average dram queueing delay        |       0.09
  average dram bandwidth utilization |      1.00%
Coherency Traffic                    |           
  num loads from dram                |     806302
  num loads from dram cache          |          0
  num loads from remote cache        |          0
