                                     | Core 0    
  Instructions                       |   22383470
  Cycles                             |  537416800
  IPC                                |       0.04
  Time (ns)                          |  268708400
  Idle time (ns)                     |       2457
  Idle time (%)                      |       0.0%
Branch predictor stats               |           
  num correct                        |    2653394
  num incorrect                      |      81519
  misprediction rate                 |      2.98%
  mpki                               |       3.64
TLB Summary                          |           
  I-TLB                              |           
    num accesses                     |    7202167
    num misses                       |         67
    miss rate                        |      0.00%
    mpki                             |       0.00
  D-TLB                              |           
    num accesses                     |   10540019
    num misses                       |        146
    miss rate                        |      0.00%
    mpki                             |       0.01
  L2 TLB                             |           
    num accesses                     |        213
    num misses                       |        157
    miss rate                        |     73.71%
    mpki                             |       0.01
Cache Summary                        |           
  Cache L1-I                         |           
    num cache accesses               |    7202167
    num cache misses                 |     813001
    miss rate                        |     11.29%
    mpki                             |      36.32
  Cache L1-D                         |           
    num cache accesses               |   10540019
    num cache misses                 |    1840669
    miss rate                        |     17.46%
    mpki                             |      82.23
  Cache L2                           |           
    num cache accesses               |    2749122
    num cache misses                 |    1547619
    miss rate                        |     56.30%
    mpki                             |      69.14
DRAM summary                         |           
  num dram accesses                  |    1869508
  average dram access latency (ns)   |     202.42
  average dram queueing delay        |       0.31
  average dram bandwidth utilization |      1.00%
Coherency Traffic                    |           
  num loads from dram                |     929361
  num loads from dram cache          |          0
  num loads from remote cache        |          0
