                                     | Core 0    
  Instructions                       |   22383479
  Cycles                             |  537256400
  IPC                                |       0.04
  Time (ns)                          |  268628200
  Idle time (ns)                     |       2284
  Idle time (%)                      |       0.0%
Branch predictor stats               |           
  num correct                        |    2653394
  num incorrect                      |      81519
  misprediction rate                 |      2.98%
  mpki                               |       3.64
TLB Summary                          |           
  I-TLB                              |           
    num accesses                     |    7202167
    num misses                       |         67
    miss rate                        |      0.00%
    mpki                             |       0.00
  D-TLB                              |           
    num accesses                     |   10540021
    num misses                       |        152
    miss rate                        |      0.00%
    mpki                             |       0.01
  L2 TLB                             |           
    num accesses                     |        219
    num misses                       |        158
    miss rate                        |     72.15%
    mpki                             |       0.01
Cache Summary                        |           
  Cache L1-I                         |           
    num cache accesses               |    7202167
    num cache misses                 |     641821
    miss rate                        |      8.91%
    mpki                             |      28.67
  Cache L1-D                         |           
    num cache accesses               |   10540021
    num cache misses                 |    1622170
    miss rate                        |     15.39%
    mpki                             |      72.47
  Cache L2                           |           
    num cache accesses               |    2295909
    num cache misses                 |    1170828
    miss rate                        |     51.00%
    mpki                             |      52.31
DRAM summary                         |           
  num dram accesses                  |    1306337
  average dram access latency (ns)   |     202.18
  average dram queueing delay        |       0.07
  average dram bandwidth utilization |      1.00%
Coherency Traffic                    |           
  num loads from dram                |     782144
  num loads from dram cache          |          0
  num loads from remote cache        |          0
