                                     | Core 0    
  Instructions                       |    6552370
  Cycles                             |  117089600
  IPC                                |       0.06
  Time (ns)                          |   58544800
  Idle time (ns)                     |         42
  Idle time (%)                      |       0.0%
Branch predictor stats               |           
  num correct                        |     811026
  num incorrect                      |       2854
  misprediction rate                 |      0.35%
  mpki                               |       0.44
TLB Summary                          |           
  I-TLB                              |           
    num accesses                     |    2478310
    num misses                       |         62
    miss rate                        |      0.00%
    mpki                             |       0.01
  D-TLB                              |           
    num accesses                     |    1340405
    num misses                       |         30
    miss rate                        |      0.00%
    mpki                             |       0.00
  L2 TLB                             |           
    num accesses                     |         92
    num misses                       |         92
    miss rate                        |    100.00%
    mpki                             |       0.01
Cache Summary                        |           
  Cache L1-I                         |           
    num cache accesses               |    2478310
    num cache misses                 |    1193765
    miss rate                        |     48.17%
    mpki                             |     182.19
  Cache L1-D                         |           
    num cache accesses               |    1340405
    num cache misses                 |     137700
    miss rate                        |     10.27%
    mpki                             |      21.02
  Cache L2                           |           
    num cache accesses               |    1367568
    num cache misses                 |     251439
    miss rate                        |     18.39%
    mpki                             |      38.37
DRAM summary                         |           
  num dram accesses                  |     313281
  average dram access latency (ns)   |     202.23
  average dram queueing delay        |       0.12
  average dram bandwidth utilization |      1.00%
Coherency Traffic                    |           
  num loads from dram                |      75915
  num loads from dram cache          |          0
  num loads from remote cache        |          0
