                                     | Core 0    
  Instructions                       |   14905776
  Cycles                             |  459437200
  IPC                                |       0.03
  Time (ns)                          |  229718600
  Idle time (ns)                     |        504
  Idle time (%)                      |       0.0%
Branch predictor stats               |           
  num correct                        |    1796692
  num incorrect                      |      78187
  misprediction rate                 |      4.17%
  mpki                               |       5.25
TLB Summary                          |           
  I-TLB                              |           
    num accesses                     |    4783160
    num misses                       |         66
    miss rate                        |      0.00%
    mpki                             |       0.00
  D-TLB                              |           
    num accesses                     |    7162916
    num misses                       |      28247
    miss rate                        |      0.39%
    mpki                             |       1.90
  L2 TLB                             |           
    num accesses                     |      28313
    num misses                       |       3620
    miss rate                        |     12.79%
    mpki                             |       0.24
Cache Summary                        |           
  Cache L1-I                         |           
    num cache accesses               |    4783160
    num cache misses                 |    1771277
    miss rate                        |     37.03%
    mpki                             |     118.83
  Cache L1-D                         |           
    num cache accesses               |    7162916
    num cache misses                 |    1760435
    miss rate                        |     24.58%
    mpki                             |     118.10
  Cache L2                           |           
    num cache accesses               |    3679923
    num cache misses                 |    1791993
    miss rate                        |     48.70%
    mpki                             |     120.22
DRAM summary                         |           
  num dram accesses                  |    2242553
  average dram access latency (ns)   |     202.85
  average dram queueing delay        |       0.73
  average dram bandwidth utilization |      2.00%
Coherency Traffic                    |           
  num loads from dram                |     809956
  num loads from dram cache          |          0
  num loads from remote cache        |          0
