                                     | Core 0    
  Instructions                       |   15223335
  Cycles                             |   56025400
  IPC                                |       0.27
  Time (ns)                          |   28012700
  Idle time (ns)                     |        708
  Idle time (%)                      |       0.0%
Branch predictor stats               |           
  num correct                        |    1855317
  num incorrect                      |      84334
  misprediction rate                 |      4.35%
  mpki                               |       5.54
TLB Summary                          |           
  I-TLB                              |           
    num accesses                     |    2175739
    num misses                       |         66
    miss rate                        |      0.00%
    mpki                             |       0.00
  D-TLB                              |           
    num accesses                     |    6824237
    num misses                       |      28325
    miss rate                        |      0.42%
    mpki                             |       1.86
  L2 TLB                             |           
    num accesses                     |      28391
    num misses                       |       3646
    miss rate                        |     12.84%
    mpki                             |       0.24
Cache Summary                        |           
  Cache L1-I                         |           
    num cache accesses               |    2175739
    num cache misses                 |     217898
    miss rate                        |     10.01%
    mpki                             |      14.31
  Cache L1-D                         |           
    num cache accesses               |    6824237
    num cache misses                 |     623538
    miss rate                        |      9.14%
    mpki                             |      40.96
  Cache L2                           |           
    num cache accesses               |     874964
    num cache misses                 |     156819
    miss rate                        |     17.92%
    mpki                             |      10.30
DRAM summary                         |           
  num dram accesses                  |     220222
  average dram access latency (ns)   |     211.39
  average dram queueing delay        |       2.96
  average dram bandwidth utilization |      6.00%
Coherency Traffic                    |           
  num loads from dram                |     132183
  num loads from dram cache          |          0
  num loads from remote cache        |          0
