                                     | Core 0    
  Instructions                       |   22383468
  Cycles                             |  277522600
  IPC                                |       0.08
  Time (ns)                          |  138761300
  Idle time (ns)                     |       2350
  Idle time (%)                      |       0.0%
Branch predictor stats               |           
  num correct                        |    2653394
  num incorrect                      |      81519
  misprediction rate                 |      2.98%
  mpki                               |       3.64
TLB Summary                          |           
  I-TLB                              |           
    num accesses                     |    7202167
    num misses                       |         67
    miss rate                        |      0.00%
    mpki                             |       0.00
  D-TLB                              |           
    num accesses                     |   10540020
    num misses                       |        130
    miss rate                        |      0.00%
    mpki                             |       0.01
  L2 TLB                             |           
    num accesses                     |        197
    num misses                       |        158
    miss rate                        |     80.20%
    mpki                             |       0.01
Cache Summary                        |           
  Cache L1-I                         |           
    num cache accesses               |    7202167
    num cache misses                 |     752847
    miss rate                        |     10.45%
    mpki                             |      33.63
  Cache L1-D                         |           
    num cache accesses               |   10540020
    num cache misses                 |    1615272
    miss rate                        |     15.33%
    mpki                             |      72.16
  Cache L2                           |           
    num cache accesses               |    2488863
    num cache misses                 |    1436611
    miss rate                        |     57.72%
    mpki                             |      64.18
DRAM summary                         |           
  num dram accesses                  |    1740819
  average dram access latency (ns)   |     202.89
  average dram queueing delay        |       0.78
  average dram bandwidth utilization |      2.00%
Coherency Traffic                    |           
  num loads from dram                |     858438
  num loads from dram cache          |          0
  num loads from remote cache        |          0
