                                     | Core 0    
  Instructions                       |   15223351
  Cycles                             |  108472000
  IPC                                |       0.14
  Time (ns)                          |   54236000
  Idle time (ns)                     |        688
  Idle time (%)                      |       0.0%
Branch predictor stats               |           
  num correct                        |    1855317
  num incorrect                      |      84334
  misprediction rate                 |      4.35%
  mpki                               |       5.54
TLB Summary                          |           
  I-TLB                              |           
    num accesses                     |    4866995
    num misses                       |         66
    miss rate                        |      0.00%
    mpki                             |       0.00
  D-TLB                              |           
    num accesses                     |    7162888
    num misses                       |      28291
    miss rate                        |      0.39%
    mpki                             |       1.86
  L2 TLB                             |           
    num accesses                     |      28357
    num misses                       |       3618
    miss rate                        |     12.76%
    mpki                             |       0.24
Cache Summary                        |           
  Cache L1-I                         |           
    num cache accesses               |    4866995
    num cache misses                 |    1596012
    miss rate                        |     32.79%
    mpki                             |     104.84
  Cache L1-D                         |           
    num cache accesses               |    7162888
    num cache misses                 |    1287202
    miss rate                        |     17.97%
    mpki                             |      84.55
  Cache L2                           |           
    num cache accesses               |    2935730
    num cache misses                 |     345483
    miss rate                        |     11.77%
    mpki                             |      22.69
DRAM summary                         |           
  num dram accesses                  |     493645
  average dram access latency (ns)   |     202.95
  average dram queueing delay        |       0.84
  average dram bandwidth utilization |      1.00%
Coherency Traffic                    |           
  num loads from dram                |     302578
  num loads from dram cache          |          0
  num loads from remote cache        |          0
