                                     | Core 0    
  Instructions                       |   22383472
  Cycles                             |   87085000
  IPC                                |       0.26
  Time (ns)                          |   43542500
  Idle time (ns)                     |       2534
  Idle time (%)                      |       0.0%
Branch predictor stats               |           
  num correct                        |    2653394
  num incorrect                      |      81519
  misprediction rate                 |      2.98%
  mpki                               |       3.64
TLB Summary                          |           
  I-TLB                              |           
    num accesses                     |    7202167
    num misses                       |         67
    miss rate                        |      0.00%
    mpki                             |       0.00
  D-TLB                              |           
    num accesses                     |   10540020
    num misses                       |        141
    miss rate                        |      0.00%
    mpki                             |       0.01
  L2 TLB                             |           
    num accesses                     |        208
    num misses                       |        158
    miss rate                        |     75.96%
    mpki                             |       0.01
Cache Summary                        |           
  Cache L1-I                         |           
    num cache accesses               |    7202167
    num cache misses                 |     581437
    miss rate                        |      8.07%
    mpki                             |      25.98
  Cache L1-D                         |           
    num cache accesses               |   10540020
    num cache misses                 |    1447281
    miss rate                        |     13.73%
    mpki                             |      64.66
  Cache L2                           |           
    num cache accesses               |    2052471
    num cache misses                 |     294126
    miss rate                        |     14.33%
    mpki                             |      13.14
DRAM summary                         |           
  num dram accesses                  |     366150
  average dram access latency (ns)   |     202.54
  average dram queueing delay        |       0.43
  average dram bandwidth utilization |      1.00%
Coherency Traffic                    |           
  num loads from dram                |     192696
  num loads from dram cache          |          0
  num loads from remote cache        |          0
