                                     | Core 0    
  Instructions                       |   22383477
  Cycles                             |  568752000
  IPC                                |       0.04
  Time (ns)                          |  284376000
  Idle time (ns)                     |       2264
  Idle time (%)                      |       0.0%
Branch predictor stats               |           
  num correct                        |    2653393
  num incorrect                      |      81520
  misprediction rate                 |      2.98%
  mpki                               |       3.64
TLB Summary                          |           
  I-TLB                              |           
    num accesses                     |    7202167
    num misses                       |         67
    miss rate                        |      0.00%
    mpki                             |       0.00
  D-TLB                              |           
    num accesses                     |   10540018
    num misses                       |        138
    miss rate                        |      0.00%
    mpki                             |       0.01
  L2 TLB                             |           
    num accesses                     |        205
    num misses                       |        157
    miss rate                        |     76.59%
    mpki                             |       0.01
Cache Summary                        |           
  Cache L1-I                         |           
    num cache accesses               |    7202167
    num cache misses                 |     638928
    miss rate                        |      8.87%
    mpki                             |      28.54
  Cache L1-D                         |           
    num cache accesses               |   10540018
    num cache misses                 |    1487883
    miss rate                        |     14.12%
    mpki                             |      66.47
  Cache L2                           |           
    num cache accesses               |    2167350
    num cache misses                 |    1276574
    miss rate                        |     58.90%
    mpki                             |      57.03
DRAM summary                         |           
  num dram accesses                  |    1510555
  average dram access latency (ns)   |     202.19
  average dram queueing delay        |       0.07
  average dram bandwidth utilization |      1.00%
Coherency Traffic                    |           
  num loads from dram                |     829225
  num loads from dram cache          |          0
  num loads from remote cache        |          0
