                                     | Core 0    
  Instructions                       |   22383472
  Cycles                             |   44621800
  IPC                                |       0.50
  Time (ns)                          |   22310900
  Idle time (ns)                     |       2502
  Idle time (%)                      |       0.0%
Branch predictor stats               |           
  num correct                        |    2653394
  num incorrect                      |      81519
  misprediction rate                 |      2.98%
  mpki                               |       3.64
TLB Summary                          |           
  I-TLB                              |           
    num accesses                     |    4999891
    num misses                       |         67
    miss rate                        |      0.00%
    mpki                             |       0.00
  D-TLB                              |           
    num accesses                     |   10522469
    num misses                       |        141
    miss rate                        |      0.00%
    mpki                             |       0.01
  L2 TLB                             |           
    num accesses                     |        208
    num misses                       |        158
    miss rate                        |     75.96%
    mpki                             |       0.01
Cache Summary                        |           
  Cache L1-I                         |           
    num cache accesses               |    4999891
    num cache misses                 |     375154
    miss rate                        |      7.50%
    mpki                             |      16.76
  Cache L1-D                         |           
    num cache accesses               |   10522469
    num cache misses                 |    1340109
    miss rate                        |     12.74%
    mpki                             |      59.87
  Cache L2                           |           
    num cache accesses               |    1715652
    num cache misses                 |      72409
    miss rate                        |      4.22%
    mpki                             |       3.23
DRAM summary                         |           
  num dram accesses                  |      85684
  average dram access latency (ns)   |     205.34
  average dram queueing delay        |       1.12
  average dram bandwidth utilization |      1.00%
Coherency Traffic                    |           
  num loads from dram                |      58444
  num loads from dram cache          |          0
  num loads from remote cache        |          0
