                                     | Core 0    
  Instructions                       |    6552358
  Cycles                             |  138750000
  IPC                                |       0.05
  Time (ns)                          |   69375000
  Idle time (ns)                     |         68
  Idle time (%)                      |       0.0%
Branch predictor stats               |           
  num correct                        |     811024
  num incorrect                      |       2856
  misprediction rate                 |      0.35%
  mpki                               |       0.44
TLB Summary                          |           
  I-TLB                              |           
    num accesses                     |    2478310
    num misses                       |         62
    miss rate                        |      0.00%
    mpki                             |       0.01
  D-TLB                              |           
    num accesses                     |    1340397
    num misses                       |         29
    miss rate                        |      0.00%
    mpki                             |       0.00
  L2 TLB                             |           
    num accesses                     |         91
    num misses                       |         91
    miss rate                        |    100.00%
    mpki                             |       0.01
Cache Summary                        |           
  Cache L1-I                         |           
    num cache accesses               |    2478310
    num cache misses                 |    1192750
    miss rate                        |     48.13%
    mpki                             |     182.03
  Cache L1-D                         |           
    num cache accesses               |    1340397
    num cache misses                 |     179474
    miss rate                        |     13.39%
    mpki                             |      27.39
  Cache L2                           |           
    num cache accesses               |    1407515
    num cache misses                 |     362119
    miss rate                        |     25.73%
    mpki                             |      55.27
DRAM summary                         |           
  num dram accesses                  |     419870
  average dram access latency (ns)   |     202.46
  average dram queueing delay        |       0.35
  average dram bandwidth utilization |      1.00%
Coherency Traffic                    |           
  num loads from dram                |     132443
  num loads from dram cache          |          0
  num loads from remote cache        |          0
