                                     | Core 0    
  Instructions                       |    6552373
  Cycles                             |  117143400
  IPC                                |       0.06
  Time (ns)                          |   58571700
  Idle time (ns)                     |         90
  Idle time (%)                      |       0.0%
Branch predictor stats               |           
  num correct                        |     811026
  num incorrect                      |       2854
  misprediction rate                 |      0.35%
  mpki                               |       0.44
TLB Summary                          |           
  I-TLB                              |           
    num accesses                     |    2478310
    num misses                       |         62
    miss rate                        |      0.00%
    mpki                             |       0.01
  D-TLB                              |           
    num accesses                     |    1340406
    num misses                       |         29
    miss rate                        |      0.00%
    mpki                             |       0.00
  L2 TLB                             |           
    num accesses                     |         91
    num misses                       |         91
    miss rate                        |    100.00%
    mpki                             |       0.01
Cache Summary                        |           
  Cache L1-I                         |           
    num cache accesses               |    2478310
    num cache misses                 |    1193230
    miss rate                        |     48.15%
    mpki                             |     182.11
  Cache L1-D                         |           
    num cache accesses               |    1340406
    num cache misses                 |     205528
    miss rate                        |     15.33%
    mpki                             |      31.37
  Cache L2                           |           
    num cache accesses               |    1435434
    num cache misses                 |     248126
    miss rate                        |     17.29%
    mpki                             |      37.87
DRAM summary                         |           
  num dram accesses                  |     308807
  average dram access latency (ns)   |     202.20
  average dram queueing delay        |       0.09
  average dram bandwidth utilization |      1.00%
Coherency Traffic                    |           
  num loads from dram                |      75362
  num loads from dram cache          |          0
  num loads from remote cache        |          0
