                                     | Core 0    
  Instructions                       |   14905045
  Cycles                             |  743268800
  IPC                                |       0.02
  Time (ns)                          |  371634400
  Idle time (ns)                     |        722
  Idle time (%)                      |       0.0%
Branch predictor stats               |           
  num correct                        |    1797081
  num incorrect                      |      77433
  misprediction rate                 |      4.13%
  mpki                               |       5.20
TLB Summary                          |           
  I-TLB                              |           
    num accesses                     |    4782430
    num misses                       |         66
    miss rate                        |      0.00%
    mpki                             |       0.00
  D-TLB                              |           
    num accesses                     |    7162912
    num misses                       |      28210
    miss rate                        |      0.39%
    mpki                             |       1.89
  L2 TLB                             |           
    num accesses                     |      28276
    num misses                       |       3618
    miss rate                        |     12.80%
    mpki                             |       0.24
Cache Summary                        |           
  Cache L1-I                         |           
    num cache accesses               |    4782430
    num cache misses                 |    1762778
    miss rate                        |     36.86%
    mpki                             |     118.27
  Cache L1-D                         |           
    num cache accesses               |    7162912
    num cache misses                 |    1721986
    miss rate                        |     24.04%
    mpki                             |     115.53
  Cache L2                           |           
    num cache accesses               |    3664458
    num cache misses                 |    1856762
    miss rate                        |     50.67%
    mpki                             |     124.57
DRAM summary                         |           
  num dram accesses                  |    2341295
  average dram access latency (ns)   |     202.19
  average dram queueing delay        |       0.07
  average dram bandwidth utilization |      1.00%
Coherency Traffic                    |           
  num loads from dram                |     853946
  num loads from dram cache          |          0
  num loads from remote cache        |          0
