                                     | Core 0    
  Instructions                       |   22383472
  Cycles                             |   45814800
  IPC                                |       0.49
  Time (ns)                          |   22907400
  Idle time (ns)                     |       2522
  Idle time (%)                      |       0.0%
Branch predictor stats               |           
  num correct                        |    2653394
  num incorrect                      |      81519
  misprediction rate                 |      2.98%
  mpki                               |       3.64
TLB Summary                          |           
  I-TLB                              |           
    num accesses                     |    7202167
    num misses                       |         67
    miss rate                        |      0.00%
    mpki                             |       0.00
  D-TLB                              |           
    num accesses                     |   10540020
    num misses                       |        153
    miss rate                        |      0.00%
    mpki                             |       0.01
  L2 TLB                             |           
    num accesses                     |        220
    num misses                       |        158
    miss rate                        |     71.82%
    mpki                             |       0.01
Cache Summary                        |           
  Cache L1-I                         |           
    num cache accesses               |    7202167
    num cache misses                 |     561773
    miss rate                        |      7.80%
    mpki                             |      25.10
  Cache L1-D                         |           
    num cache accesses               |   10540020
    num cache misses                 |    1447683
    miss rate                        |     13.74%
    mpki                             |      64.68
  Cache L2                           |           
    num cache accesses               |    2009951
    num cache misses                 |     130445
    miss rate                        |      6.49%
    mpki                             |       5.83
DRAM summary                         |           
  num dram accesses                  |     155269
  average dram access latency (ns)   |     202.56
  average dram queueing delay        |       0.45
  average dram bandwidth utilization |      1.00%
Coherency Traffic                    |           
  num loads from dram                |     107717
  num loads from dram cache          |          0
  num loads from remote cache        |          0
