                                     | Core 0    
  Instructions                       |   15068997
  Cycles                             |  839574200
  IPC                                |       0.02
  Time (ns)                          |  419787100
  Idle time (ns)                     |        447
  Idle time (%)                      |       0.0%
Branch predictor stats               |           
  num correct                        |    1857160
  num incorrect                      |      84637
  misprediction rate                 |      4.36%
  mpki                               |       5.62
TLB Summary                          |           
  I-TLB                              |           
    num accesses                     |    4869141
    num misses                       |         67
    miss rate                        |      0.00%
    mpki                             |       0.00
  D-TLB                              |           
    num accesses                     |    6850251
    num misses                       |      28291
    miss rate                        |      0.41%
    mpki                             |       1.88
  L2 TLB                             |           
    num accesses                     |      28358
    num misses                       |       3666
    miss rate                        |     12.93%
    mpki                             |       0.24
Cache Summary                        |           
  Cache L1-I                         |           
    num cache accesses               |    4869141
    num cache misses                 |    1850020
    miss rate                        |     37.99%
    mpki                             |     122.77
  Cache L1-D                         |           
    num cache accesses               |    6850251
    num cache misses                 |    1721350
    miss rate                        |     25.13%
    mpki                             |     114.23
  Cache L2                           |           
    num cache accesses               |    3812511
    num cache misses                 |    2093574
    miss rate                        |     54.91%
    mpki                             |     138.93
DRAM summary                         |           
  num dram accesses                  |    2691543
  average dram access latency (ns)   |     202.22
  average dram queueing delay        |       0.11
  average dram bandwidth utilization |      1.00%
Coherency Traffic                    |           
  num loads from dram                |     913667
  num loads from dram cache          |          0
  num loads from remote cache        |          0
