                                     | Core 0    
  Instructions                       |   22383468
  Cycles                             |   59524000
  IPC                                |       0.38
  Time (ns)                          |   29762000
  Idle time (ns)                     |       2527
  Idle time (%)                      |       0.0%
Branch predictor stats               |           
  num correct                        |    2653394
  num incorrect                      |      81519
  misprediction rate                 |      2.98%
  mpki                               |       3.64
TLB Summary                          |           
  I-TLB                              |           
    num accesses                     |    7202167
    num misses                       |         67
    miss rate                        |      0.00%
    mpki                             |       0.00
  D-TLB                              |           
    num accesses                     |   10540020
    num misses                       |        129
    miss rate                        |      0.00%
    mpki                             |       0.01
  L2 TLB                             |           
    num accesses                     |        196
    num misses                       |        157
    miss rate                        |     80.10%
    mpki                             |       0.01
Cache Summary                        |           
  Cache L1-I                         |           
    num cache accesses               |    7202167
    num cache misses                 |     563625
    miss rate                        |      7.83%
    mpki                             |      25.18
  Cache L1-D                         |           
    num cache accesses               |   10540020
    num cache misses                 |    1721612
    miss rate                        |     16.33%
    mpki                             |      76.91
  Cache L2                           |           
    num cache accesses               |    2286957
    num cache misses                 |     221882
    miss rate                        |      9.70%
    mpki                             |       9.91
DRAM summary                         |           
  num dram accesses                  |     262779
  average dram access latency (ns)   |     202.83
  average dram queueing delay        |       0.72
  average dram bandwidth utilization |      1.00%
Coherency Traffic                    |           
  num loads from dram                |     176073
  num loads from dram cache          |          0
  num loads from remote cache        |          0
