                                     | Core 0    
  Instructions                       |   14904922
  Cycles                             |   73396400
  IPC                                |       0.20
  Time (ns)                          |   36698200
  Idle time (ns)                     |        582
  Idle time (%)                      |       0.0%
Branch predictor stats               |           
  num correct                        |    1796543
  num incorrect                      |      77910
  misprediction rate                 |      4.16%
  mpki                               |       5.23
TLB Summary                          |           
  I-TLB                              |           
    num accesses                     |    3142777
    num misses                       |         66
    miss rate                        |      0.00%
    mpki                             |       0.00
  D-TLB                              |           
    num accesses                     |    6791634
    num misses                       |      28194
    miss rate                        |      0.42%
    mpki                             |       1.89
  L2 TLB                             |           
    num accesses                     |      28260
    num misses                       |       3568
    miss rate                        |     12.63%
    mpki                             |       0.24
Cache Summary                        |           
  Cache L1-I                         |           
    num cache accesses               |    3142777
    num cache misses                 |    1033998
    miss rate                        |     32.90%
    mpki                             |      69.37
  Cache L1-D                         |           
    num cache accesses               |    6791634
    num cache misses                 |    1106080
    miss rate                        |     16.29%
    mpki                             |      74.21
  Cache L2                           |           
    num cache accesses               |    2175096
    num cache misses                 |     208456
    miss rate                        |      9.58%
    mpki                             |      13.99
DRAM summary                         |           
  num dram accesses                  |     298618
  average dram access latency (ns)   |     205.26
  average dram queueing delay        |       1.04
  average dram bandwidth utilization |      3.00%
Coherency Traffic                    |           
  num loads from dram                |     178391
  num loads from dram cache          |          0
  num loads from remote cache        |          0
