                                     | Core 0    
  Instructions                       |   14904118
  Cycles                             |  553738600
  IPC                                |       0.03
  Time (ns)                          |  276869300
  Idle time (ns)                     |        769
  Idle time (%)                      |       0.0%
Branch predictor stats               |           
  num correct                        |    1796281
  num incorrect                      |      77773
  misprediction rate                 |      4.15%
  mpki                               |       5.22
TLB Summary                          |           
  I-TLB                              |           
    num accesses                     |    4781510
    num misses                       |         66
    miss rate                        |      0.00%
    mpki                             |       0.00
  D-TLB                              |           
    num accesses                     |    7162908
    num misses                       |      28257
    miss rate                        |      0.39%
    mpki                             |       1.90
  L2 TLB                             |           
    num accesses                     |      28323
    num misses                       |       3637
    miss rate                        |     12.84%
    mpki                             |       0.24
Cache Summary                        |           
  Cache L1-I                         |           
    num cache accesses               |    4781510
    num cache misses                 |    1716338
    miss rate                        |     35.90%
    mpki                             |     115.16
  Cache L1-D                         |           
    num cache accesses               |    7162908
    num cache misses                 |    1475858
    miss rate                        |     20.60%
    mpki                             |      99.02
  Cache L2                           |           
    num cache accesses               |    3408844
    num cache misses                 |    1751126
    miss rate                        |     51.37%
    mpki                             |     117.49
DRAM summary                         |           
  num dram accesses                  |    2223005
  average dram access latency (ns)   |     202.38
  average dram queueing delay        |       0.27
  average dram bandwidth utilization |      1.00%
Coherency Traffic                    |           
  num loads from dram                |     875212
  num loads from dram cache          |          0
  num loads from remote cache        |          0
