                                     | Core 0    
  Instructions                       |   22383502
  Cycles                             |   57353000
  IPC                                |       0.39
  Time (ns)                          |   28676500
  Idle time (ns)                     |       2068
  Idle time (%)                      |       0.0%
Branch predictor stats               |           
  num correct                        |    2653374
  num incorrect                      |      81544
  misprediction rate                 |      2.98%
  mpki                               |       3.64
TLB Summary                          |           
  I-TLB                              |           
    num accesses                     |    4999896
    num misses                       |         67
    miss rate                        |      0.00%
    mpki                             |       0.00
  D-TLB                              |           
    num accesses                     |   10522491
    num misses                       |        142
    miss rate                        |      0.00%
    mpki                             |       0.01
  L2 TLB                             |           
    num accesses                     |        209
    num misses                       |        158
    miss rate                        |     75.60%
    mpki                             |       0.01
Cache Summary                        |           
  Cache L1-I                         |           
    num cache accesses               |    4999896
    num cache misses                 |     376054
    miss rate                        |      7.52%
    mpki                             |      16.80
  Cache L1-D                         |           
    num cache accesses               |   10522491
    num cache misses                 |    1276685
    miss rate                        |     12.13%
    mpki                             |      57.04
  Cache L2                           |           
    num cache accesses               |    1654417
    num cache misses                 |     135453
    miss rate                        |      8.19%
    mpki                             |       6.05
DRAM summary                         |           
  num dram accesses                  |     158235
  average dram access latency (ns)   |     205.75
  average dram queueing delay        |       1.53
  average dram bandwidth utilization |      2.00%
Coherency Traffic                    |           
  num loads from dram                |     107150
  num loads from dram cache          |          0
  num loads from remote cache        |          0
