                                     | Core 0    
  Instructions                       |    6552349
  Cycles                             |    4229200
  IPC                                |       1.55
  Time (ns)                          |    2114600
  Idle time (ns)                     |        140
  Idle time (%)                      |       0.0%
Branch predictor stats               |           
  num correct                        |     811026
  num incorrect                      |       2854
  misprediction rate                 |      0.35%
  mpki                               |       0.44
TLB Summary                          |           
  I-TLB                              |           
    num accesses                     |    1136956
    num misses                       |         62
    miss rate                        |      0.01%
    mpki                             |       0.01
  D-TLB                              |           
    num accesses                     |    1332004
    num misses                       |         30
    miss rate                        |      0.00%
    mpki                             |       0.00
  L2 TLB                             |           
    num accesses                     |         92
    num misses                       |         92
    miss rate                        |    100.00%
    mpki                             |       0.01
Cache Summary                        |           
  Cache L1-I                         |           
    num cache accesses               |    1136956
    num cache misses                 |      34356
    miss rate                        |      3.02%
    mpki                             |       5.24
  Cache L1-D                         |           
    num cache accesses               |    1332004
    num cache misses                 |      17771
    miss rate                        |      1.33%
    mpki                             |       2.71
  Cache L2                           |           
    num cache accesses               |      52189
    num cache misses                 |       1988
    miss rate                        |      3.81%
    mpki                             |       0.30
DRAM summary                         |           
  num dram accesses                  |       2267
  average dram access latency (ns)   |     211.32
  average dram queueing delay        |       2.90
  average dram bandwidth utilization |      0.00%
Coherency Traffic                    |           
  num loads from dram                |        702
  num loads from dram cache          |          0
  num loads from remote cache        |          0
